
> guapo@0.1.0 build
> next build

Γû▓ Next.js 16.1.6 (Turbopack)
- Environments: .env

  Creating an optimized production build ...
Γ£ô Compiled successfully in 2.1s
  Running TypeScript ...
node.exe : Failed to compile.
At line:1 char:1
+ & "C:\Program 
Files\nodejs/node.exe" 
"C:\Program Files\nodejs/node_mo 
...
+ ~~~~~~~~~~~~~~~~~~~~~~~~~~~~~~~
~~~~~~~~~~~~~~~~~~~~~~~~~~~~~~~~~
~~~~~
    + CategoryInfo          : No 
   tSpecified: (Failed to compi  
  le.:String) [], RemoteExcept   
 ion
    + FullyQualifiedErrorId : Na 
   tiveCommandError
 

.next/types/validator.ts:135:31
Type error: Type 'typeof import("
C:/Users/dhiaf/OneDrive/Desktop/g
uapo shop website/src/app/api/dro
ps/[id]/status/route")' does not 
satisfy the constraint 'RouteHand
lerConfig<"/api/drops/[id]/status
">'.
  Types of property 'GET' are 
incompatible.
    Type '(req: Request, { 
params }: { params: { id: 
string; }; }) => 
Promise<NextResponse<{ error: 
string; }> | NextResponse<{ 
highestBid: number; totalBids: 
number; }>>' is not assignable 
to type '(request: NextRequest, 
context: { params: Promise<{ id: 
string; }>; }) => void | 
Response | Promise<void | 
Response>'.
      Types of parameters '__1' 
and 'context' are incompatible.
        Type '{ params: 
Promise<{ id: string; }>; }' is 
not assignable to type '{ 
params: { id: string; }; }'.
          Types of property 
'params' are incompatible.
            Property 'id' is 
missing in type 'Promise<{ id: 
string; }>' but required in type 
'{ id: string; }'.

[0m [90m 133 |[39m   type __Is
Expected[33m<[39m[33mSpecific
[39m [36mextends[39m [33mRoute
HandlerConfig[39m[33m<[39m[32
m"/api/drops/[id]/status"[39m[3
3m>>[39m [33m=[39m 
[33mSpecific[39m
 [90m 134 |[39m   
[36mconst[39m handler 
[33m=[39m {} [36mas[39m 
[36mtypeof[39m [36mimport[39m
([32m"../../src/app/api/drops/[i
d]/status/route.js"[39m)
[31m[1m>[22m[39m[90m 135 
|[39m   type __Check 
[33m=[39m __IsExpected[33m<[3
9m[36mtypeof[39m 
handler[33m>[39m
 [90m     |[39m                
               
[31m[1m^[22m[39m
 [90m 136 |[39m   [90m// 
@ts-ignore[39m
 [90m 137 |[39m   type 
__Unused [33m=[39m __Check
 [90m 138 |[39m }[0m
Next.js build worker exited with 
code: 1 and signal: null
